// Jest Snapshot v1, https://goo.gl/fbAQLP

exports[`@forms/AuthenticationForm renders correctly 1`] = `
<form
  noValidate={true}
  onSubmit={[Function]}
>
  <div
    className="form-group"
  >
    <label>
      Email
    </label>
    <input
      className="form-control"
      name="email"
      onChange={[Function]}
      placeholder="Email"
      type="email"
      value=""
    />
  </div>
  <div
    className="form-group"
  >
    <label>
      Hasło
    </label>
    <input
      className="form-control"
      name="password"
      onChange={[Function]}
      placeholder="Hasło"
      type="password"
      value=""
    />
  </div>
  <button
    className="btn btn-primary"
    onClick={[Function]}
    type="submit"
  >
    Zaloguj
  </button>
</form>
`;
