// Jest Snapshot v1, https://goo.gl/fbAQLP

exports[`@components/SoundsNav renders correctly 1`] = `
<ul
  className="sounds-nav nav nav-pills"
/>
`;
